
> nodoquant@0.1.0 build
> next build

  Ôû▓ Next.js 14.2.29
  - Environments: .env.local

   Creating an optimized production build ...
 Ô£ô Compiled successfully
   Linting and checking validity of types ...
node.exe : Failed to compile.
En línea: 1 Carácter: 1
+ & "C:\Program Files\nodejs/node.exe" 
"C:\Program Files\nodejs/node_mo ...
+ ~~~~~~~~~~~~~~~~~~~~~~~~~~~~~~~~~~~~~~~~
~~~~~~~~~~~~~~~~~~~~~~~~~~~~~
    + CategoryInfo          : NotSpecifie 
   d: (Failed to compile.:String) [], Re  
  moteException
    + FullyQualifiedErrorId : NativeComma 
   ndError
 

./lib/payments/index.ts:11:15
Type error: 
'"@/lib/payments/subscription"' has no 
exported member named 'UserSubscription'. 
Did you mean 'getUserSubscription'?

[0m [90m  9 |[39m[0m
[0m [90m 10 |[39m [36mexport[39m { 
getUserSubscription[33m,[39m isProUser 
}[33m;[39m[0m
[0m[31m[1m>[22m[39m[90m 11 |[39m 
[36mexport[39m type { 
[33mUserSubscription[39m } 
[36mfrom[39m [32m"@/lib/payments/subscr
iption"[39m[33m;[39m[0m
[0m [90m    |[39m               
[31m[1m^[22m[39m[0m
[0m [90m 12 |[39m[0m
Next.js build worker exited with code: 1 
and signal: null
